2026-10-02 18:33:26,470 INFO    operating system: linux
2026-10-02 18:33:26,472 INFO    protocol: pop=100 gen=250 runs=10
2026-10-02 18:33:49,793 INFO    SCH seed=0 gamma=0.003752 delta=0.297691 (23.3s)
2026-10-02 18:34:13,099 INFO    SCH seed=1 gamma=0.003461 delta=0.263445 (23.3s)
2026-10-02 18:34:35,932 INFO    SCH seed=2 gamma=0.003422 delta=0.245088 (22.8s)
2026-10-02 18:34:58,566 INFO    SCH seed=3 gamma=0.003387 delta=0.331078 (22.6s)
2026-10-02 18:35:20,926 INFO    SCH seed=4 gamma=0.003368 delta=0.232124 (22.4s)
2026-10-02 18:35:43,369 INFO    SCH seed=5 gamma=0.003063 delta=0.277109 (22.4s)
2026-10-02 18:36:06,547 INFO    SCH seed=6 gamma=0.003870 delta=0.300669 (23.2s)
2026-10-02 18:36:29,747 INFO    SCH seed=7 gamma=0.003418 delta=0.257630 (23.2s)
2026-10-02 18:36:52,840 INFO    SCH seed=8 gamma=0.003659 delta=0.291234 (23.1s)
2026-10-02 18:37:15,470 INFO    SCH seed=9 gamma=0.003446 delta=0.295802 (22.6s)
2026-10-02 18:37:15,470 INFO    SCH summary: gamma 0.003485±0.000215, delta 0.279187±0.028306
2026-10-02 18:37:34,590 INFO    FON seed=0 gamma=0.002293 delta=0.408486 (19.1s)
2026-10-02 18:37:54,229 INFO    FON seed=1 gamma=0.002053 delta=0.331177 (19.6s)
2026-10-02 18:38:13,852 INFO    FON seed=2 gamma=0.002407 delta=0.369130 (19.6s)
2026-10-02 18:38:33,480 INFO    FON seed=3 gamma=0.001775 delta=0.322591 (19.6s)
2026-10-02 18:38:53,044 INFO    FON seed=4 gamma=0.002739 delta=0.399311 (19.6s)
2026-10-02 18:39:12,651 INFO    FON seed=5 gamma=0.001977 delta=0.347790 (19.6s)
2026-10-02 18:39:32,195 INFO    FON seed=6 gamma=0.002178 delta=0.322148 (19.5s)
2026-10-02 18:39:51,846 INFO    FON seed=7 gamma=0.002036 delta=0.362263 (19.7s)
2026-10-02 18:40:11,395 INFO    FON seed=8 gamma=0.002323 delta=0.339443 (19.5s)
2026-10-02 18:40:31,042 INFO    FON seed=9 gamma=0.002024 delta=0.361177 (19.6s)
2026-10-02 18:40:31,043 INFO    FON summary: gamma 0.002180±0.000258, delta 0.356351±0.028439
2026-10-02 18:40:31,043 WARNING POL: no closed-form front, metrics skipped
2026-10-02 18:40:50,592 INFO    POL seed=0 saved, metrics skipped (19.5s)
2026-10-02 18:41:09,788 INFO    POL seed=1 saved, metrics skipped (19.2s)
2026-10-02 18:41:29,125 INFO    POL seed=2 saved, metrics skipped (19.3s)
2026-10-02 18:41:48,500 INFO    POL seed=3 saved, metrics skipped (19.4s)
2026-10-02 18:42:07,821 INFO    POL seed=4 saved, metrics skipped (19.3s)
2026-10-02 18:42:26,922 INFO    POL seed=5 saved, metrics skipped (19.1s)
2026-10-02 18:42:45,311 INFO    POL seed=6 saved, metrics skipped (18.4s)
2026-10-02 18:43:03,759 INFO    POL seed=7 saved, metrics skipped (18.4s)
2026-10-02 18:43:22,239 INFO    POL seed=8 saved, metrics skipped (18.5s)
2026-10-02 18:43:40,774 INFO    POL seed=9 saved, metrics skipped (18.5s)
2026-10-02 18:43:40,774 WARNING KUR: no closed-form front, metrics skipped
2026-10-02 18:44:00,164 INFO    KUR seed=0 saved, metrics skipped (19.4s)
2026-10-02 18:44:20,169 INFO    KUR seed=1 saved, metrics skipped (20.0s)
2026-10-02 18:44:40,105 INFO    KUR seed=2 saved, metrics skipped (19.9s)
2026-10-02 18:45:00,075 INFO    KUR seed=3 saved, metrics skipped (20.0s)
2026-10-02 18:45:19,984 INFO    KUR seed=4 saved, metrics skipped (19.9s)
2026-10-02 18:45:39,912 INFO    KUR seed=5 saved, metrics skipped (19.9s)
2026-10-02 18:45:59,804 INFO    KUR seed=6 saved, metrics skipped (19.9s)
2026-10-02 18:46:19,744 INFO    KUR seed=7 saved, metrics skipped (19.9s)
2026-10-02 18:46:39,618 INFO    KUR seed=8 saved, metrics skipped (19.9s)
2026-10-02 18:46:59,512 INFO    KUR seed=9 saved, metrics skipped (19.9s)
2026-10-02 18:47:18,874 INFO    ZDT1 seed=0 gamma=0.002989 delta=0.413476 (19.4s)
2026-10-02 18:47:37,950 INFO    ZDT1 seed=1 gamma=0.002595 delta=0.387828 (19.1s)
2026-10-02 18:47:56,955 INFO    ZDT1 seed=2 gamma=0.002670 delta=0.435763 (19.0s)
2026-10-02 18:48:15,160 INFO    ZDT1 seed=3 gamma=0.002888 delta=0.325323 (18.2s)
2026-10-02 18:48:33,406 INFO    ZDT1 seed=4 gamma=0.003251 delta=0.385513 (18.2s)
2026-10-02 18:48:51,664 INFO    ZDT1 seed=5 gamma=0.002734 delta=0.370786 (18.3s)
2026-10-02 18:49:09,933 INFO    ZDT1 seed=6 gamma=0.002819 delta=0.417039 (18.3s)
2026-10-02 18:49:28,237 INFO    ZDT1 seed=7 gamma=0.003482 delta=0.359970 (18.3s)
2026-10-02 18:49:46,504 INFO    ZDT1 seed=8 gamma=0.002387 delta=0.370398 (18.3s)
2026-10-02 18:50:04,877 INFO    ZDT1 seed=9 gamma=0.002408 delta=0.363634 (18.4s)
2026-10-02 18:50:04,877 INFO    ZDT1 summary: gamma 0.002822±0.000331, delta 0.382973±0.030726
2026-10-02 18:50:23,797 INFO    ZDT2 seed=0 gamma=0.001678 delta=0.368169 (18.9s)
2026-10-02 18:50:42,703 INFO    ZDT2 seed=1 gamma=0.001885 delta=0.431890 (18.9s)
2026-10-02 18:51:01,191 INFO    ZDT2 seed=2 gamma=0.002493 delta=0.389034 (18.5s)
2026-10-02 18:51:19,869 INFO    ZDT2 seed=3 gamma=0.001970 delta=0.356364 (18.7s)
2026-10-02 18:51:38,417 INFO    ZDT2 seed=4 gamma=0.001820 delta=0.384623 (18.5s)
2026-10-02 18:51:57,143 INFO    ZDT2 seed=5 gamma=0.001886 delta=0.436952 (18.7s)
2026-10-02 18:52:15,674 INFO    ZDT2 seed=6 gamma=0.002174 delta=0.395937 (18.5s)
2026-10-02 18:52:34,375 INFO    ZDT2 seed=7 gamma=0.002483 delta=0.338898 (18.7s)
2026-10-02 18:52:52,896 INFO    ZDT2 seed=8 gamma=0.002011 delta=0.406419 (18.5s)
2026-10-02 18:53:11,548 INFO    ZDT2 seed=9 gamma=0.001657 delta=0.372707 (18.7s)
2026-10-02 18:53:11,549 INFO    ZDT2 summary: gamma 0.002006±0.000281, delta 0.388099±0.029625
2026-10-02 18:53:30,126 INFO    ZDT3 seed=0 gamma=0.004883 delta=0.585107 (18.6s)
2026-10-02 18:53:49,418 INFO    ZDT3 seed=1 gamma=0.003865 delta=0.666433 (19.3s)
2026-10-02 18:54:08,669 INFO    ZDT3 seed=2 gamma=0.003586 delta=0.676823 (19.3s)
2026-10-02 18:54:27,912 INFO    ZDT3 seed=3 gamma=0.004981 delta=0.644980 (19.2s)
2026-10-02 18:54:47,107 INFO    ZDT3 seed=4 gamma=0.004474 delta=0.649497 (19.2s)
2026-10-02 18:55:06,130 INFO    ZDT3 seed=5 gamma=0.004125 delta=0.687742 (19.0s)
2026-10-02 18:55:24,403 INFO    ZDT3 seed=6 gamma=0.003779 delta=0.657706 (18.3s)
2026-10-02 18:55:43,527 INFO    ZDT3 seed=7 gamma=0.005153 delta=0.750908 (19.1s)
2026-10-02 18:56:02,775 INFO    ZDT3 seed=8 gamma=0.004665 delta=0.671939 (19.2s)
2026-10-02 18:56:21,462 INFO    ZDT3 seed=9 gamma=0.004543 delta=0.592019 (18.7s)
2026-10-02 18:56:21,463 INFO    ZDT3 summary: gamma 0.004405±0.000514, delta 0.658315±0.044770
2026-10-02 18:56:41,288 INFO    ZDT4 seed=0 gamma=3.474991 delta=1.240667 (19.8s)
2026-10-02 18:57:00,747 INFO    ZDT4 seed=1 gamma=2.011725 delta=1.165772 (19.5s)
2026-10-02 18:57:21,251 INFO    ZDT4 seed=2 gamma=4.262317 delta=1.358976 (20.5s)
2026-10-02 18:57:41,701 INFO    ZDT4 seed=3 gamma=0.887581 delta=1.404134 (20.5s)
2026-10-02 18:58:02,259 INFO    ZDT4 seed=4 gamma=0.474577 delta=1.229739 (20.6s)
2026-10-02 18:58:22,866 INFO    ZDT4 seed=5 gamma=0.176202 delta=1.108327 (20.6s)
2026-10-02 18:58:43,282 INFO    ZDT4 seed=6 gamma=2.593311 delta=1.107723 (20.4s)
2026-10-02 18:59:03,838 INFO    ZDT4 seed=7 gamma=1.456683 delta=1.288876 (20.6s)
2026-10-02 18:59:24,163 INFO    ZDT4 seed=8 gamma=4.237044 delta=1.510612 (20.3s)
2026-10-02 18:59:44,685 INFO    ZDT4 seed=9 gamma=1.631603 delta=1.213019 (20.5s)
2026-10-02 18:59:44,685 INFO    ZDT4 summary: gamma 2.120603±1.408058, delta 1.262784±0.123573
2026-10-02 19:00:04,119 INFO    ZDT6 seed=0 gamma=0.031597 delta=0.974676 (19.4s)
2026-10-02 19:00:24,151 INFO    ZDT6 seed=1 gamma=0.038881 delta=1.124992 (20.0s)
2026-10-02 19:00:44,186 INFO    ZDT6 seed=2 gamma=0.017431 delta=0.566908 (20.0s)
2026-10-02 19:01:04,356 INFO    ZDT6 seed=3 gamma=0.021719 delta=0.554099 (20.2s)
2026-10-02 19:01:24,389 INFO    ZDT6 seed=4 gamma=0.046321 delta=0.984943 (20.0s)
2026-10-02 19:01:44,507 INFO    ZDT6 seed=5 gamma=0.008475 delta=0.431460 (20.1s)
2026-10-02 19:02:04,497 INFO    ZDT6 seed=6 gamma=0.009166 delta=0.469553 (20.0s)
2026-10-02 19:02:24,537 INFO    ZDT6 seed=7 gamma=0.008833 delta=0.461895 (20.0s)
2026-10-02 19:02:44,484 INFO    ZDT6 seed=8 gamma=0.006325 delta=0.371617 (19.9s)
2026-10-02 19:03:04,458 INFO    ZDT6 seed=9 gamma=0.020877 delta=0.901506 (20.0s)
2026-10-02 19:03:04,458 INFO    ZDT6 summary: gamma 0.020963±0.013216, delta 0.684165±0.265350
2026-10-02 19:59:22,581 INFO    ZDT4(eta_m=10) seed=0 gamma=0.540524 delta=1.094818 (19.9s)
2026-10-02 19:59:42,631 INFO    ZDT4(eta_m=10) seed=1 gamma=3.838632 delta=1.499714 (20.1s)
2026-10-02 20:00:02,064 INFO    ZDT4(eta_m=10) seed=2 gamma=4.610554 delta=1.429697 (19.4s)
2026-10-02 20:00:21,776 INFO    ZDT4(eta_m=10) seed=3 gamma=2.019955 delta=1.321631 (19.7s)
2026-10-02 20:00:41,470 INFO    ZDT4(eta_m=10) seed=4 gamma=2.527813 delta=1.463004 (19.7s)
2026-10-02 20:01:01,638 INFO    ZDT4(eta_m=10) seed=5 gamma=0.985561 delta=1.425678 (20.2s)
2026-10-02 20:01:21,857 INFO    ZDT4(eta_m=10) seed=6 gamma=1.240604 delta=1.270639 (20.2s)
2026-10-02 20:01:42,320 INFO    ZDT4(eta_m=10) seed=7 gamma=1.129018 delta=1.372734 (20.5s)
2026-10-02 20:02:02,760 INFO    ZDT4(eta_m=10) seed=8 gamma=1.568246 delta=1.335025 (20.4s)
2026-10-02 20:02:22,603 INFO    ZDT4(eta_m=10) seed=9 gamma=0.837079 delta=1.365211 (19.8s)
2026-10-02 20:02:22,604 INFO    ZDT4(eta_m=10) summary: gamma 1.929798±1.282907, delta 1.357815±0.109474
2026-10-02 20:19:09,742 INFO    ZDT4(n_gen=500 eta_m=10) seed=0 gamma=0.205211 delta=0.966560 (39.4s)
2026-10-02 20:19:48,891 INFO    ZDT4(n_gen=500 eta_m=10) seed=1 gamma=2.359836 delta=1.425219 (39.1s)
2026-10-02 20:20:30,387 INFO    ZDT4(n_gen=500 eta_m=10) seed=2 gamma=2.654053 delta=1.504768 (41.5s)
2026-10-02 20:21:12,519 INFO    ZDT4(n_gen=500 eta_m=10) seed=3 gamma=0.593457 delta=1.370807 (42.1s)
2026-10-02 20:21:52,783 INFO    ZDT4(n_gen=500 eta_m=10) seed=4 gamma=2.751585 delta=1.308497 (40.3s)
2026-10-02 20:22:32,970 INFO    ZDT4(n_gen=500 eta_m=10) seed=5 gamma=0.286389 delta=1.028404 (40.2s)
2026-10-02 20:23:14,017 INFO    ZDT4(n_gen=500 eta_m=10) seed=6 gamma=0.395511 delta=1.072423 (41.0s)
2026-10-02 20:23:55,773 INFO    ZDT4(n_gen=500 eta_m=10) seed=7 gamma=0.532293 delta=1.324827 (41.8s)
2026-10-02 20:24:37,548 INFO    ZDT4(n_gen=500 eta_m=10) seed=8 gamma=1.494903 delta=1.223349 (41.8s)
2026-10-02 20:25:18,855 INFO    ZDT4(n_gen=500 eta_m=10) seed=9 gamma=0.795832 delta=1.088125 (41.3s)
2026-10-02 20:25:18,855 INFO    ZDT4(n_gen=500 eta_m=10) summary: gamma 1.206907±0.969638, delta 1.231298±0.174246
